=== pip install setuptools_scm ===
returncode: 0
Collecting setuptools_scm
  Downloading setuptools_scm-10.2.1-py3-none-any.whl.metadata (6.7 kB)
Collecting vcs-versioning<3,>=2.0.0.dev0 (from setuptools_scm)
  Downloading vcs_versioning-2.2.4-py3-none-any.whl.metadata (1.7 kB)
Requirement already satisfied: packaging>=20 in /usr/local/lib/python3.12/dist-packages (from setuptools_scm) (26.1)
Requirement already satisfied: setuptools in /usr/local/lib/python3.12/dist-packages (from setuptools_scm) (81.0.0)
Collecting packaging>=20 (from setuptools_scm)
  Downloading packaging-26.3-py3-none-any.whl.metadata (3.5 kB)
Downloading setuptools_scm-10.2.1-py3-none-any.whl (29 kB)
Downloading vcs_versioning-2.2.4-py3-none-any.whl (109 kB)
   ━━━━━━━━━━━━━━━━━━━━━━━━━━━━━━━━━━━━━━━━ 109.1/109.1 kB 4.0 MB/s eta 0:00:00
Downloading packaging-26.3-py3-none-any.whl (129 kB)
   ━━━━━━━━━━━━━━━━━━━━━━━━━━━━━━━━━━━━━━━━ 130.0/130.0 kB 8.8 MB/s eta 0:00:00
Installing collected packages: packaging, vcs-versioning, setuptools_scm
  Attempting uninstall: packaging
    Found existing installation: packaging 26.1
    Uninstalling packaging-26.1:
      Successfully uninstalled packaging-26.1
Successfully installed packaging-26.3 setuptools_scm-10.2.1 vcs-versioning-2.2.4

ERROR: pip's dependency resolver does not currently take into account all the packages that are installed. This behaviour is the source of the following dependency conflicts.
google-adk 1.29.0 requires google-cloud-bigquery-storage>=2.0.0, which is not installed.
google-colab 1.0.0 requires jupyter-server==2.14.0, but you have jupyter-server 2.12.5 which is incompatible.
google-colab 1.0.0 requires pandas==2.2.2, but you have pandas 2.3.3 which is incompatible.


=== pip install seqeval==1.2.2 --no-build-isolation ===
returncode: 0
Collecting seqeval==1.2.2
  Downloading seqeval-1.2.2.tar.gz (43 kB)
     ━━━━━━━━━━━━━━━━━━━━━━━━━━━━━━━━━━━━━━━━ 43.6/43.6 kB 1.7 MB/s eta 0:00:00
  Preparing metadata (setup.py): started
  Preparing metadata (setup.py): finished with status 'done'
Requirement already satisfied: numpy>=1.14.0 in /usr/local/lib/python3.12/dist-packages (from seqeval==1.2.2) (2.0.2)
Requirement already satisfied: scikit-learn>=0.21.3 in /usr/local/lib/python3.12/dist-packages (from seqeval==1.2.2) (1.6.1)
Requirement already satisfied: scipy>=1.6.0 in /usr/local/lib/python3.12/dist-packages (from scikit-learn>=0.21.3->seqeval==1.2.2) (1.16.3)
Requirement already satisfied: joblib>=1.2.0 in /usr/local/lib/python3.12/dist-packages (from scikit-learn>=0.21.3->seqeval==1.2.2) (1.5.3)
Requirement already satisfied: threadpoolctl>=3.1.0 in /usr/local/lib/python3.12/dist-packages (from scikit-learn>=0.21.3->seqeval==1.2.2) (3.6.0)
Building wheels for collected packages: seqeval
  Building wheel for seqeval (setup.py): started
  Building wheel for seqeval (setup.py): finished with status 'done'
  Created wheel for seqeval: filename=seqeval-1.2.2-py3-none-any.whl size=16250 sha256=a2cb247223ee2c838d33edb1a40ba25bf91866ed470dc1fb72351e356d64b337
  Stored in directory: /root/.cache/pip/wheels/5f/b8/73/0b2c1a76b701a677653dd79ece07cfabd7457989dbfbdcd8d7
Successfully built seqeval
Installing collected packages: seqeval
Successfully installed seqeval-1.2.2



=== pip install glirel --no-deps ===
returncode: 0
Collecting glirel
  Downloading glirel-1.2.1-py3-none-any.whl.metadata (10 kB)
Downloading glirel-1.2.1-py3-none-any.whl (54 kB)
   ━━━━━━━━━━━━━━━━━━━━━━━━━━━━━━━━━━━━━━━━ 54.3/54.3 kB 2.0 MB/s eta 0:00:00
Installing collected packages: glirel
Successfully installed glirel-1.2.1



=== pip install loguru protobuf sentencepiece datasets huggingface_hub tqdm ===
returncode: 0
Collecting loguru
  Downloading loguru-0.7.3-py3-none-any.whl.metadata (22 kB)
Requirement already satisfied: protobuf in /usr/local/lib/python3.12/dist-packages (5.29.5)
Requirement already satisfied: sentencepiece in /usr/local/lib/python3.12/dist-packages (0.2.1)
Requirement already satisfied: datasets in /usr/local/lib/python3.12/dist-packages (5.0.0)
Requirement already satisfied: huggingface_hub in /usr/local/lib/python3.12/dist-packages (1.11.0)
Requirement already satisfied: tqdm in /usr/local/lib/python3.12/dist-packages (4.67.3)
Requirement already satisfied: filelock in /usr/local/lib/python3.12/dist-packages (from datasets) (3.29.0)
Requirement already satisfied: numpy>=1.17 in /usr/local/lib/python3.12/dist-packages (from datasets) (2.0.2)
Requirement already satisfied: pyarrow>=21.0.0 in /usr/local/lib/python3.12/dist-packages (from datasets) (24.0.0)
Requirement already satisfied: dill<0.4.2,>=0.3.0 in /usr/local/lib/python3.12/dist-packages (from datasets) (0.4.1)
Requirement already satisfied: pandas in /usr/local/lib/python3.12/dist-packages (from datasets) (2.3.3)
Requirement already satisfied: requests>=2.32.2 in /usr/local/lib/python3.12/dist-packages (from datasets) (2.32.4)
Requirement already satisfied: httpx<1.0.0 in /usr/local/lib/python3.12/dist-packages (from datasets) (0.28.1)
Requirement already satisfied: xxhash in /usr/local/lib/python3.12/dist-packages (from datasets) (3.6.0)
Requirement already satisfied: multiprocess<0.70.20 in /usr/local/lib/python3.12/dist-packages (from datasets) (0.70.16)
Requirement already satisfied: fsspec<=2026.4.0,>=2023.1.0 in /usr/local/lib/python3.12/dist-packages (from fsspec[http]<=2026.4.0,>=2023.1.0->datasets) (2025.3.0)
Requirement already satisfied: packaging in /usr/local/lib/python3.12/dist-packages (from datasets) (26.3)
Requirement already satisfied: pyyaml>=5.1 in /usr/local/lib/python3.12/dist-packages (from datasets) (6.0.3)
Requirement already satisfied: hf-xet<2.0.0,>=1.4.3 in /usr/local/lib/python3.12/dist-packages (from huggingface_hub) (1.4.3)
Requirement already satisfied: typer in /usr/local/lib/python3.12/dist-packages (from huggingface_hub) (0.24.2)
Requirement already satisfied: typing-extensions>=4.1.0 in /usr/local/lib/python3.12/dist-packages (from huggingface_hub) (4.15.0)
Requirement already satisfied: aiohttp!=4.0.0a0,!=4.0.0a1 in /usr/local/lib/python3.12/dist-packages (from fsspec[http]<=2026.4.0,>=2023.1.0->datasets) (3.13.5)
Requirement already satisfied: anyio in /usr/local/lib/python3.12/dist-packages (from httpx<1.0.0->datasets) (4.13.0)
Requirement already satisfied: certifi in /usr/local/lib/python3.12/dist-packages (from httpx<1.0.0->datasets) (2026.4.22)
Requirement already satisfied: httpcore==1.* in /usr/local/lib/python3.12/dist-packages (from httpx<1.0.0->datasets) (1.0.9)
Requirement already satisfied: idna in /usr/local/lib/python3.12/dist-packages (from httpx<1.0.0->datasets) (3.13)
Requirement already satisfied: h11>=0.16 in /usr/local/lib/python3.12/dist-packages (from httpcore==1.*->httpx<1.0.0->datasets) (0.16.0)
Requirement already satisfied: charset_normalizer<4,>=2 in /usr/local/lib/python3.12/dist-packages (from requests>=2.32.2->datasets) (3.4.7)
Requirement already satisfied: urllib3<3,>=1.21.1 in /usr/local/lib/python3.12/dist-packages (from requests>=2.32.2->datasets) (2.5.0)
Requirement already satisfied: python-dateutil>=2.8.2 in /usr/local/lib/python3.12/dist-packages (from pandas->datasets) (2.9.0.post0)
Requirement already satisfied: pytz>=2020.1 in /usr/local/lib/python3.12/dist-packages (from pandas->datasets) (2025.2)
Requirement already satisfied: tzdata>=2022.7 in /usr/local/lib/python3.12/dist-packages (from pandas->datasets) (2026.1)
Requirement already satisfied: click>=8.2.1 in /usr/local/lib/python3.12/dist-packages (from typer->huggingface_hub) (8.3.3)
Requirement already satisfied: shellingham>=1.3.0 in /usr/local/lib/python3.12/dist-packages (from typer->huggingface_hub) (1.5.4)
Requirement already satisfied: rich>=12.3.0 in /usr/local/lib/python3.12/dist-packages (from typer->huggingface_hub) (13.9.4)
Requirement already satisfied: annotated-doc>=0.0.2 in /usr/local/lib/python3.12/dist-packages (from typer->huggingface_hub) (0.0.4)
Requirement already satisfied: aiohappyeyeballs>=2.5.0 in /usr/local/lib/python3.12/dist-packages (from aiohttp!=4.0.0a0,!=4.0.0a1->fsspec[http]<=2026.4.0,>=2023.1.0->datasets) (2.6.1)
Requirement already satisfied: aiosignal>=1.4.0 in /usr/local/lib/python3.12/dist-packages (from aiohttp!=4.0.0a0,!=4.0.0a1->fsspec[http]<=2026.4.0,>=2023.1.0->datasets) (1.4.0)
Requirement already satisfied: attrs>=17.3.0 in /usr/local/lib/python3.12/dist-packages (from aiohttp!=4.0.0a0,!=4.0.0a1->fsspec[http]<=2026.4.0,>=2023.1.0->datasets) (26.1.0)
Requirement already satisfied: frozenlist>=1.1.1 in /usr/local/lib/python3.12/dist-packages (from aiohttp!=4.0.0a0,!=4.0.0a1->fsspec[http]<=2026.4.0,>=2023.1.0->datasets) (1.8.0)
Requirement already satisfied: multidict<7.0,>=4.5 in /usr/local/lib/python3.12/dist-packages (from aiohttp!=4.0.0a0,!=4.0.0a1->fsspec[http]<=2026.4.0,>=2023.1.0->datasets) (6.7.1)
Requirement already satisfied: propcache>=0.2.0 in /usr/local/lib/python3.12/dist-packages (from aiohttp!=4.0.0a0,!=4.0.0a1->fsspec[http]<=2026.4.0,>=2023.1.0->datasets) (0.4.1)
Requirement already satisfied: yarl<2.0,>=1.17.0 in /usr/local/lib/python3.12/dist-packages (from aiohttp!=4.0.0a0,!=4.0.0a1->fsspec[http]<=2026.4.0,>=2023.1.0->datasets) (1.23.0)
Requirement already satisfied: six>=1.5 in /usr/local/lib/python3.12/dist-packages (from python-dateutil>=2.8.2->pandas->datasets) (1.17.0)
Requirement already satisfied: markdown-it-py>=2.2.0 in /usr/local/lib/python3.12/dist-packages (from rich>=12.3.0->typer->huggingface_hub) (4.0.0)
Requirement already satisfied: pygments<3.0.0,>=2.13.0 in /usr/local/lib/python3.12/dist-packages (from rich>=12.3.0->typer->huggingface_hub) (2.20.0)
Requirement already satisfied: mdurl~=0.1 in /usr/local/lib/python3.12/dist-packages (from markdown-it-py>=2.2.0->rich>=12.3.0->typer->huggingface_hub) (0.1.2)
Downloading loguru-0.7.3-py3-none-any.whl (61 kB)
   ━━━━━━━━━━━━━━━━━━━━━━━━━━━━━━━━━━━━━━━━ 61.6/61.6 kB 2.0 MB/s eta 0:00:00
Installing collected packages: loguru
Successfully installed loguru-0.7.3



